../Core/Src/main.c:58:6:set_pwm_duty_from_adc	1
../Core/Src/main.c:70:6:delay_ms	2
../Core/Src/main.c:77:6:ledtest	1
../Core/Src/main.c:88:5:nota	2
../Core/Src/main.c:94:6:nothingelse	1
../Core/Src/main.c:132:5:main	5
../Core/Src/main.c:216:6:SystemClock_Config	4
../Core/Src/main.c:263:13:MX_ADC1_Init	3
../Core/Src/main.c:310:13:MX_I2C2_Init	2
../Core/Src/main.c:344:13:MX_SPI1_Init	2
../Core/Src/main.c:382:13:MX_TIM1_Init	7
../Core/Src/main.c:457:13:MX_TIM3_Init	4
../Core/Src/main.c:502:13:MX_GPIO_Init	1
../Core/Src/main.c:576:6:Error_Handler	1
