../Core/Src/main.c:66:6:set_pwm_duty_from_adc	24	static
../Core/Src/main.c:80:6:delay_ms	16	static
../Core/Src/main.c:87:6:ledtest	8	static
../Core/Src/main.c:99:5:nota	24	static
../Core/Src/main.c:105:6:nothingelse	24	static
../Core/Src/main.c:141:5:main	8	static
../Core/Src/main.c:200:6:SystemClock_Config	88	static
../Core/Src/main.c:247:13:MX_ADC1_Init	24	static
../Core/Src/main.c:294:13:MX_TIM1_Init	96	static
../Core/Src/main.c:369:13:MX_TIM3_Init	32	static
../Core/Src/main.c:414:13:MX_GPIO_Init	40	static
../Core/Src/main.c:485:6:Error_Handler	4	static,ignoring_inline_asm
