../Core/Src/ssd1306.c:46:9:SSD1306_Init	16	static
../Core/Src/ssd1306.c:108:6:OLED_Show_ACCEL	40	static
../Core/Src/ssd1306.c:125:6:OLED_Show_GYRO	40	static
../Core/Src/ssd1306.c:142:6:OLED_Show_MPU	56	static
../Core/Src/ssd1306.c:168:6:SSD1306_AUTOR	8	static
../Core/Src/ssd1306.c:176:6:SSD1306_Clear	8	static
../Core/Src/ssd1306.c:181:6:SSD1306_UpdateScreen	16	static
../Core/Src/ssd1306.c:194:6:SSD1306_ToggleInvert	16	static
../Core/Src/ssd1306.c:206:6:SSD1306_Fill	16	static
../Core/Src/ssd1306.c:211:6:SSD1306_DrawPixel	16	static
../Core/Src/ssd1306.c:233:6:SSD1306_GotoXY	16	static
../Core/Src/ssd1306.c:239:6:SSD1306_Putc	32	static
../Core/Src/ssd1306.c:270:6:SSD1306_Puts	24	static
../Core/Src/ssd1306.c:288:6:SSD1306_DrawLine	40	static
../Core/Src/ssd1306.c:372:6:SSD1306_DrawRectangle	32	static
../Core/Src/ssd1306.c:397:6:SSD1306_DrawFilledRectangle	40	static
../Core/Src/ssd1306.c:424:6:SSD1306_DrawTriangle	32	static
../Core/Src/ssd1306.c:432:6:SSD1306_DrawFilledTriangle	64	static
../Core/Src/ssd1306.c:488:6:SSD1306_DrawCircle	40	static
../Core/Src/ssd1306.c:522:6:SSD1306_DrawFilledCircle	48	static
../Core/Src/ssd1306.c:553:6:SSD1306_ON	8	static
../Core/Src/ssd1306.c:558:6:SSD1306_OFF	8	static
../Core/Src/ssd1306.c:574:6:ssd1306_I2C_Init	16	static
../Core/Src/ssd1306.c:586:6:ssd1306_I2C_WriteMulti	64	dynamic
../Core/Src/ssd1306.c:596:6:ssd1306_I2C_Write	32	static
